// Jest Snapshot v1, https://goo.gl/fbAQLP

exports[`should render 1`] = `
<svg
  className="bi bi-x"
  fill="currentColor"
  height="1em"
  viewBox="0 0 16 16"
  width="1em"
  xmlns="http://www.w3.org/2000/svg"
>
  <path
    d="M11.854 4.146a.5.5 0 0 1 0 .708l-7 7a.5.5 0 0 1-.708-.708l7-7a.5.5 0 0 1 .708 0z"
    fillRule="evenodd"
  />
  <path
    d="M4.146 4.146a.5.5 0 0 0 0 .708l7 7a.5.5 0 0 0 .708-.708l-7-7a.5.5 0 0 0-.708 0z"
    fillRule="evenodd"
  />
</svg>
`;
